Starting to generate sequences of numbers...
1 2 3
2 3 4
3 4 5
Done!
